[paladin.ac/index.html]
[backblue.gif]
[fade.gif]
[index.html]
[paladin.ac/dashboard/paladin.jpg]
[cdn.paladin.ac/js/vendor.min.js]
[cdn.paladin.ac/js/app.min.js]
[cdn.paladin.ac/images/paladinwhite.png]
[cdn.paladin.ac/css/app-creative.min.css]
[kit-pro.fontawesome.com/releases/v5.11.2/css/pro.min.css]
[paladin.ac/index.html]
[cdn.paladin.ac/css/icons.min.css]
[paladin.ac/login/index.html]
[cdn.paladin.ac/images/waves.png]
[cdn.paladin.ac/images/bg-pattern.png]
[cdn.paladin.ac/images/bg-auth.jpg]
[cdn.paladin.ac/css/app-creative.min.css]
[paladin.ac/discord/index.html]
[cdn.paladin.ac/css/vendor/jquery-jvectormap-1.2.2.css]
[use.fontawesome.com/releases/v5.8.1/css/all.css]
[cdn.paladin.ac/css/app-creative-dark.min.css]
[www.recaptcha.net/recaptcha/api.js]
[paladin.ac/login/index.e.delayed]
[paladin.ac/login/index.html]
[kit-pro.fontawesome.com/releases/v5.11.2/css/pro.min.css]
[cdn.paladin.ac/css/icons.min.css]
[cdn.paladin.ac/css/vendor/jquery-jvectormap-1.2.2.css]
[use.fontawesome.com/releases/v5.8.1/css/all.css]
[paladin.ac/dashboard/assets/images/paladinwhite.png]
[paladin.ac/forgot/index.html]
[cdn.paladin.ac/images/bg-pattern-dark.png]
[cdn.paladin.ac/css/app-creative-dark.min.css]
[paladin.ac/login/index-2.html]
[paladin.ac/register/index.html]
[www.google.com/recaptcha/api.js]
[paladin.ac/forgot/index-2.html]
[paladin.ac/forgot/index.html]
[paladin.ac/register/index.html]
[paladin.ac/forgot/index-2.html]
[paladin.ac/tos/index.html]
[cdn.paladin.ac/v2/css/bootstrap-dark.min.css]
[cdn.paladin.ac/v2/css/icons.min.css]
[cdn.paladin.ac/v2/css/app-dark.min.css]
[cdn.paladin.ac/v2/libs/jquery/jquery.min.js]
[cdn.paladin.ac/v2/libs/bootstrap/js/bootstrap.bundle.min.js]
[cdn.paladin.ac/v2/libs/metismenu/metisMenu.min.js]
[cdn.paladin.ac/v2/libs/simplebar/simplebar.min.js]
[cdn.paladin.ac/v2/libs/node-waves/waves.min.js]
[paladin.ac/tos/index.html]
[cdn.paladin.ac/v2/css/bootstrap-dark.min.css]
[cdn.paladin.ac/v2/css/icons.min.css]
[cdn.paladin.ac/v2/css/app-dark.min.css]
[cdn.paladin.ac/v2/js/app.js]
